// Jest Snapshot v1, https://goo.gl/fbAQLP

exports[`Home renders correctly 1`] = `
<div
  className="home"
>
  <h1>
    Welcome to our Page
  </h1>
  <div
    className="intro"
  >
    <p>
       Math magician is a website where you could carry out you calculations👌😃 
    </p>
    <br />
    <p>
       You might want to try it out. So come on...😉😁 
    </p>
  </div>
</div>
`;
